# ERROR 1130: Host ***.***.***.*** is not allowed to connect to this MySQL

经过验证以下方法有效
mysql -u root -p
mysql>use mysql;
mysql>select 'host' from user where user='root';
mysql>update user set host = '%' where user ='root';
mysql>flush privileges;
mysql>select 'host'   from user where user='root';
第一句是以权限用户root登录
第二句：选择mysql库
第三句：查看mysql库中的user表的host值（即可进行连接访问的主机/IP名称）
第四句：修改host值（以通配符%的内容增加主机/IP地址），当然也可以直接增加IP地址
第五句：刷新MySQL的系统权限相关表
第六句：再重新查看user表时，有修改。。
重起mysql服务即可完成。
 
 
 
以下百度查到的，试过可以
说明所连接的用户帐号没有远程连接的权限，只能在本机(localhost)登录。
需更改 mysql 数据库里的 user表里的 host项
把localhost改称%
具体步骤：登陆到mysql
首先 use mysql；
按照别人提供的方式update的时候，出现错误。
mysql> update user set host='%' where user = 'root';
ERROR 1062 (23000): Duplicate entry '%-root' for key 'PRIMARY'
然后查看了下数据库的host信息如下：
mysql> select host from user where user = 'root';
+-----------------------+
| host |
+-----------------------+
| % | 
| 127.0.0.1 | 
| localhost.localdomain | 
+-----------------------+
3 rows in set (0.00 sec)
host已经有了%这个值，所以直接运行命令：
mysql>flush privileges;
再用mysql administrator连接...成功！！！